../Core/Src/main.c:57:6:get_imu_readings	16	static
../Core/Src/main.c:74:6:HAL_GPIO_EXTI_Callback	24	static
../Core/Src/main.c:114:14:Calculate_Magnetic_Magnitude	16	static
../Core/Src/main.c:121:12:checkMovement	16	static
../Core/Src/main.c:136:5:main	328	static
../Core/Src/main.c:453:13:UART1_Init	40	static
../Core/Src/main.c:485:6:SystemClock_Config	96	static
../Core/Src/main.c:539:13:MX_GPIO_Init	32	static
../Core/Src/main.c:556:13:MX_I2C1_Init	40	static
../Core/Src/main.c:589:6:Error_Handler	8	static
